
. cap mkdir ./output/collapsed

. cap mkdir ./output/graphs

. 
. * Generates graphs for clinical monitoring measures
. foreach v in hba1c systolic_bp {
  2.     * Ethnicity
.     clear 
  3.     import delimited using ./output/measures/dm/measure_dm_`v'_ethnicity_r
> ate.csv, numericcols(4)
  4.     * Generate rate per 100,000
.     gen rate = value*100000 
  5.     * Format date
.     gen dateA = date(date, "YMD")
  6.     drop date
  7.     format dateA %dD/M/Y
  8.     tab dateA 
  9.     * reshape dataset so columns with rates for each ethnicity 
.     reshape wide value rate population `v', i(dateA) j(ethnicity)
 10.     describe
 11.     * Labelling ethnicity variables
.     label var rate1 "White"
 12.     label var rate2 "Mixed"
 13.     label var rate3 "Asian"
 14.     label var rate4 "Black"
 15.     label var rate5 "Other"
 16. 
.     * Generate line graph
.     graph twoway line rate1 rate2 rate3 rate4 rate5 date, tlabel(01Jan2018(18
> 0)01Jan2022, angle(45) ///
>     format(%dM-CY) labsize(small)) ytitle("Rate per 100,000") xtitle("Date") 
> ylabel(, labsize(small) ///
>     angle(0)) yscale(titlegap(*10)) xmtick(##6) legend(row(1) size(vsmall) ti
> tle("Ethnic categories", size(small)))
 17.  
. 
.     graph export ./output/graphs/line_dm_ethnic_`v'.svg, as(svg) replace
 18.     * IMD
.     clear 
 19.     import delimited using ./output/measures/dm/measure_dm_`v'_imd_rate.cs
> v, numericcols(4)
 20.     * Generate rate per 100,000
.     gen rate = value*100000 
 21.     * Format date
.     gen dateA = date(date, "YMD")
 22.     drop date
 23.     format dateA %dD/M/Y
 24.     tab dateA 
 25.     * reshape dataset so columns with rates for each ethnicity 
.     reshape wide value rate population `v', i(dateA) j(imd)
 26.     describe
 27.     * Labelling ethnicity variables
.     label var rate1 "IMD - 1"
 28.     label var rate2 "IMD - 2"
 29.     label var rate3 "IMD - 3"
 30.     label var rate4 "IMD - 4"
 31.     label var rate5 "IMD - 5"
 32. 
.     * Generate line graph
.     graph twoway line rate1 rate2 rate3 rate4 rate5 date, tlabel(01Jan2018(18
> 0)01Jan2022, angle(45) ///
>     format(%dM-CY) labsize(small)) ytitle("Rate per 100,000") xtitle("Date") 
> ylabel(, labsize(small) ///
>     angle(0)) yscale(titlegap(*10)) xmtick(##6) legend(row(1) size(small) tit
> le("IMD categories", size(small)))
 33. 
. 
.     graph export ./output/graphs/line_dm_imd_`v'.svg, as(svg) replace
 34. 
. }
(5 vars, 20 obs)

      dateA |      Freq.     Percent        Cum.
------------+-----------------------------------
  01oct2021 |          5       25.00       25.00
  01nov2021 |          5       25.00       50.00
  01dec2021 |          5       25.00       75.00
  01jan2022 |          5       25.00      100.00
------------+-----------------------------------
      Total |         20      100.00
(note: j = 1 2 3 4 5)

Data                               long   ->   wide
-----------------------------------------------------------------------------
Number of obs.                       20   ->       4
Number of variables                   6   ->      21
j variable (5 values)         ethnicity   ->   (dropped)
xij variables:
                                  value   ->   value1 value2 ... value5
                                   rate   ->   rate1 rate2 ... rate5
                             population   ->   population1 population2 ... popu
> lation5
                                  hba1c   ->   hba1c1 hba1c2 ... hba1c5
-----------------------------------------------------------------------------

Contains data
  obs:             4                          
 vars:            21                          
-------------------------------------------------------------------------------
              storage   display    value
variable name   type    format     label      variable label
-------------------------------------------------------------------------------
dateA           float   %dD/M/Y               
hba1c1          byte    %8.0g                 1 hba1c
population1     int     %8.0g                 1 population
value1          float   %9.0g                 1 value
rate1           float   %9.0g                 1 rate
hba1c2          byte    %8.0g                 2 hba1c
population2     int     %8.0g                 2 population
value2          float   %9.0g                 2 value
rate2           float   %9.0g                 2 rate
hba1c3          byte    %8.0g                 3 hba1c
population3     int     %8.0g                 3 population
value3          float   %9.0g                 3 value
rate3           float   %9.0g                 3 rate
hba1c4          byte    %8.0g                 4 hba1c
population4     int     %8.0g                 4 population
value4          float   %9.0g                 4 value
rate4           float   %9.0g                 4 rate
hba1c5          byte    %8.0g                 5 hba1c
population5     int     %8.0g                 5 population
value5          float   %9.0g                 5 value
rate5           float   %9.0g                 5 rate
-------------------------------------------------------------------------------
Sorted by: dateA
(note: file ./output/graphs/line_dm_ethnic_hba1c.svg not found)
(file ./output/graphs/line_dm_ethnic_hba1c.svg written in SVG format)
(5 vars, 24 obs)

      dateA |      Freq.     Percent        Cum.
------------+-----------------------------------
  01oct2021 |          6       25.00       25.00
  01nov2021 |          6       25.00       50.00
  01dec2021 |          6       25.00       75.00
  01jan2022 |          6       25.00      100.00
------------+-----------------------------------
      Total |         24      100.00
(note: j = 0 1 2 3 4 5)

Data                               long   ->   wide
-----------------------------------------------------------------------------
Number of obs.                       24   ->       4
Number of variables                   6   ->      25
j variable (6 values)               imd   ->   (dropped)
xij variables:
                                  value   ->   value0 value1 ... value5
                                   rate   ->   rate0 rate1 ... rate5
                             population   ->   population0 population1 ... popu
> lation5
                                  hba1c   ->   hba1c0 hba1c1 ... hba1c5
-----------------------------------------------------------------------------

Contains data
  obs:             4                          
 vars:            25                          
-------------------------------------------------------------------------------
              storage   display    value
variable name   type    format     label      variable label
-------------------------------------------------------------------------------
dateA           float   %dD/M/Y               
hba1c0          byte    %8.0g                 0 hba1c
population0     int     %8.0g                 0 population
value0          float   %9.0g                 0 value
rate0           float   %9.0g                 0 rate
hba1c1          byte    %8.0g                 1 hba1c
population1     int     %8.0g                 1 population
value1          float   %9.0g                 1 value
rate1           float   %9.0g                 1 rate
hba1c2          byte    %8.0g                 2 hba1c
population2     int     %8.0g                 2 population
value2          float   %9.0g                 2 value
rate2           float   %9.0g                 2 rate
hba1c3          byte    %8.0g                 3 hba1c
population3     int     %8.0g                 3 population
value3          float   %9.0g                 3 value
rate3           float   %9.0g                 3 rate
hba1c4          byte    %8.0g                 4 hba1c
population4     int     %8.0g                 4 population
value4          float   %9.0g                 4 value
rate4           float   %9.0g                 4 rate
hba1c5          byte    %8.0g                 5 hba1c
population5     int     %8.0g                 5 population
value5          float   %9.0g                 5 value
rate5           float   %9.0g                 5 rate
-------------------------------------------------------------------------------
Sorted by: dateA
(note: file ./output/graphs/line_dm_imd_hba1c.svg not found)
(file ./output/graphs/line_dm_imd_hba1c.svg written in SVG format)
(5 vars, 20 obs)

      dateA |      Freq.     Percent        Cum.
------------+-----------------------------------
  01oct2021 |          5       25.00       25.00
  01nov2021 |          5       25.00       50.00
  01dec2021 |          5       25.00       75.00
  01jan2022 |          5       25.00      100.00
------------+-----------------------------------
      Total |         20      100.00
(note: j = 1 2 3 4 5)

Data                               long   ->   wide
-----------------------------------------------------------------------------
Number of obs.                       20   ->       4
Number of variables                   6   ->      21
j variable (5 values)         ethnicity   ->   (dropped)
xij variables:
                                  value   ->   value1 value2 ... value5
                                   rate   ->   rate1 rate2 ... rate5
                             population   ->   population1 population2 ... popu
> lation5
                            systolic_bp   ->   systolic_bp1 systolic_bp2 ... sy
> stolic_bp5
-----------------------------------------------------------------------------

Contains data
  obs:             4                          
 vars:            21                          
-------------------------------------------------------------------------------
              storage   display    value
variable name   type    format     label      variable label
-------------------------------------------------------------------------------
dateA           float   %dD/M/Y               
systolic_bp1    byte    %8.0g                 1 systolic_bp
population1     int     %8.0g                 1 population
value1          float   %9.0g                 1 value
rate1           float   %9.0g                 1 rate
systolic_bp2    byte    %8.0g                 2 systolic_bp
population2     int     %8.0g                 2 population
value2          float   %9.0g                 2 value
rate2           float   %9.0g                 2 rate
systolic_bp3    byte    %8.0g                 3 systolic_bp
population3     int     %8.0g                 3 population
value3          float   %9.0g                 3 value
rate3           float   %9.0g                 3 rate
systolic_bp4    byte    %8.0g                 4 systolic_bp
population4     int     %8.0g                 4 population
value4          float   %9.0g                 4 value
rate4           float   %9.0g                 4 rate
systolic_bp5    byte    %8.0g                 5 systolic_bp
population5     int     %8.0g                 5 population
value5          float   %9.0g                 5 value
rate5           float   %9.0g                 5 rate
-------------------------------------------------------------------------------
Sorted by: dateA
(note: file ./output/graphs/line_dm_ethnic_systolic_bp.svg not found)
(file ./output/graphs/line_dm_ethnic_systolic_bp.svg written in SVG format)
(5 vars, 24 obs)

      dateA |      Freq.     Percent        Cum.
------------+-----------------------------------
  01oct2021 |          6       25.00       25.00
  01nov2021 |          6       25.00       50.00
  01dec2021 |          6       25.00       75.00
  01jan2022 |          6       25.00      100.00
------------+-----------------------------------
      Total |         24      100.00
(note: j = 0 1 2 3 4 5)

Data                               long   ->   wide
-----------------------------------------------------------------------------
Number of obs.                       24   ->       4
Number of variables                   6   ->      25
j variable (6 values)               imd   ->   (dropped)
xij variables:
                                  value   ->   value0 value1 ... value5
                                   rate   ->   rate0 rate1 ... rate5
                             population   ->   population0 population1 ... popu
> lation5
                            systolic_bp   ->   systolic_bp0 systolic_bp1 ... sy
> stolic_bp5
-----------------------------------------------------------------------------

Contains data
  obs:             4                          
 vars:            25                          
-------------------------------------------------------------------------------
              storage   display    value
variable name   type    format     label      variable label
-------------------------------------------------------------------------------
dateA           float   %dD/M/Y               
systolic_bp0    byte    %8.0g                 0 systolic_bp
population0     int     %8.0g                 0 population
value0          float   %9.0g                 0 value
rate0           float   %9.0g                 0 rate
systolic_bp1    byte    %8.0g                 1 systolic_bp
population1     int     %8.0g                 1 population
value1          float   %9.0g                 1 value
rate1           float   %9.0g                 1 rate
systolic_bp2    byte    %8.0g                 2 systolic_bp
population2     int     %8.0g                 2 population
value2          float   %9.0g                 2 value
rate2           float   %9.0g                 2 rate
systolic_bp3    byte    %8.0g                 3 systolic_bp
population3     int     %8.0g                 3 population
value3          float   %9.0g                 3 value
rate3           float   %9.0g                 3 rate
systolic_bp4    byte    %8.0g                 4 systolic_bp
population4     int     %8.0g                 4 population
value4          float   %9.0g                 4 value
rate4           float   %9.0g                 4 rate
systolic_bp5    byte    %8.0g                 5 systolic_bp
population5     int     %8.0g                 5 population
value5          float   %9.0g                 5 value
rate5           float   %9.0g                 5 rate
-------------------------------------------------------------------------------
Sorted by: dateA
(note: file ./output/graphs/line_dm_imd_systolic_bp.svg not found)
(file ./output/graphs/line_dm_imd_systolic_bp.svg written in SVG format)

. * Generates graphs for DM hospital admissions
. foreach v in primary any /*emergency*/ {
  2.     * Ethnicity - Type 1 DM
.     clear 
  3.     import delimited using ./output/measures/dm/measure_dm_t1_`v'_ethnicit
> y_rate.csv, numericcols(4)
  4.     * Generate rate per 100,000
.     gen rate = value*100000 
  5.     * Format date
.     gen dateA = date(date, "YMD")
  6.     drop date
  7.     format dateA %dD/M/Y
  8.     tab dateA 
  9.     * Collapse at 3 monthly intervals
.     gen quarter = qofd(dateA)
 10.     collapse (sum) value rate has_t1_diabetes t1dm_admission_`v' (min) dat
> eA,  by(quarter ethnicity)
 11.     drop quarter
 12.     * Outputing file 
.     export delimited using ./output/collapsed/collapse_measure_dm_t1_`v'_ethn
> icity_rate.csv
 13.     * reshape dataset so columns with rates for each ethnicity 
.     reshape wide value rate has_t1_diabetes t1dm_admission_`v', i(dateA) j(et
> hnicity)
 14.     describe
 15.     * Labelling ethnicity variables
.     label var rate1 "White"
 16.     label var rate2 "Mixed"
 17.     label var rate3 "Asian"
 18.     label var rate4 "Black"
 19.     label var rate5 "Other"
 20. 
.     * Generate line graph
.     graph twoway line rate1 rate2 rate3 rate4 rate5 date, tlabel(01Jan2018(18
> 0)01Jan2022, angle(45) ///
>     format(%dM-CY) labsize(small)) ytitle("Rate per 100,000") xtitle("Date") 
> ylabel(, labsize(small) ///
>     angle(0)) yscale(titlegap(*10)) xmtick(##6) legend(row(1) size(vsmall) ti
> tle("Ethnic categories", size(small)))
 21. 
. 
.     graph export ./output/graphs/line_dm_ethnic_t1_`v'.svg, as(svg) replace
 22.     
.     * IMD - type 1 DM
.     clear 
 23.     import delimited using ./output/measures/dm/measure_dm_t1_`v'_imd_rate
> .csv, numericcols(4)
 24.     * Generate rate per 100,000
.     gen rate = value*100000 
 25.     * Format date
.     gen dateA = date(date, "YMD")
 26.     drop date
 27.     format dateA %dD/M/Y
 28.     tab dateA 
 29.     * reshape dataset so columns with rates for each ethnicity 
.     reshape wide value rate has_t1_diabetes t1dm_admission_`v', i(dateA) j(im
> d)
 30.     describe
 31.     * Labelling ethnicity variables
.     label var rate1 "IMD - 1"
 32.     label var rate2 "IMD - 2"
 33.     label var rate3 "IMD - 3"
 34.     label var rate4 "IMD - 4"
 35.     label var rate5 "IMD - 5"
 36. 
.     * Generate line graph
.     graph twoway line rate1 rate2 rate3 rate4 rate5 date, tlabel(01Jan2018(18
> 0)01Jan2022, angle(45) ///
>     format(%dM-CY) labsize(small)) ytitle("Rate per 100,000") xtitle("Date") 
> ylabel(, labsize(small) ///
>     angle(0)) yscale(titlegap(*10)) xmtick(##6) legend(row(1) size(small) tit
> le("IMD categories", size(small)))
 37. 
. 
.     graph export ./output/graphs/line_dm_imd_t1_`v'.svg, as(svg) replace
 38. 
.     * Ethnicity - Type 2 DM
.     clear 
 39.     import delimited using ./output/measures/dm/measure_dm_t2_`v'_ethnicit
> y_rate.csv
 40.     * Generate rate per 100,000
.     gen rate = value*100000 
 41.     * Format date
.     gen dateA = date(date, "YMD")
 42.     drop date
 43.     format dateA %dD/M/Y
 44.     tab dateA
 45.     * Collapse at 3 monthly intervals
.     gen quarter = qofd(dateA)
 46.     collapse (sum) value rate has_t2_diabetes t2dm_admission_`v' (min) dat
> eA,  by(quarter ethnicity)
 47.     drop quarter
 48.     * Outputing file 
.     export delimited using ./output/collapsed/collapse_measure_dm_t2_`v'_ethn
> icity_rate.csv 
 49.     * reshape dataset so columns with rates for each ethnicity 
.     reshape wide value rate has_t2_diabetes t2dm_admission_`v', i(dateA) j(et
> hnicity)
 50.     describe
 51.     * Labelling ethnicity variables
.     label var rate1 "White"
 52.     label var rate2 "Mixed"
 53.     label var rate3 "Asian"
 54.     label var rate4 "Black"
 55.     label var rate5 "Other"
 56. 
.     * Generate line graph
.     graph twoway line rate1 rate2 rate3 rate4 rate5 date, tlabel(01Jan2018(18
> 0)01Jan2022, angle(45) ///
>     format(%dM-CY) labsize(small)) ytitle("Rate per 100,000") xtitle("Date") 
> ylabel(, labsize(small) ///
>     angle(0)) yscale(titlegap(*10)) xmtick(##6) legend(row(1) size(vsmall) ti
> tle("Ethnic categories", size(small)))
 57.  
. 
.     graph export ./output/graphs/line_dm_ethnic_t2_`v'.svg, as(svg) replace
 58.     * IMD - type 2 DM
.     clear 
 59.     import delimited using ./output/measures/dm/measure_dm_t2_`v'_imd_rate
> .csv
 60.     * Generate rate per 100,000
.     gen rate = value*100000 
 61.     * Format date
.     gen dateA = date(date, "YMD")
 62.     drop date
 63.     format dateA %dD/M/Y
 64.     tab dateA 
 65.     * reshape dataset so columns with rates for each ethnicity 
.     reshape wide value rate has_t2_diabetes t2dm_admission_`v', i(dateA) j(im
> d)
 66.     describe
 67.     * Labelling ethnicity variables
.     label var rate1 "IMD - 1"
 68.     label var rate2 "IMD - 2"
 69.     label var rate3 "IMD - 3"
 70.     label var rate4 "IMD - 4"
 71.     label var rate5 "IMD - 5"
 72. 
.     * Generate line graph
.     graph twoway line rate1 rate2 rate3 rate4 rate5 date, tlabel(01Jan2018(18
> 0)01Jan2022, angle(45) ///
>     format(%dM-CY) labsize(small)) ytitle("Rate per 100,000") xtitle("Date") 
> ylabel(, labsize(small) ///
>     angle(0)) yscale(titlegap(*10)) xmtick(##6) legend(row(1) size(small) tit
> le("IMD categories", size(small)))
 73. 
.     graph export ./output/graphs/line_dm_imd_t2_`v'.svg, as(svg) replace
 74. 
.     /* Ethnicity - Ketoacidosis
>     clear 
>     import delimited using ./output/measures/dm/measure_dm_keto_`v'_ethnicity
> _rate.csv
>     * Generate rate per 100,000
>     gen rate = value*100000 
>     * Format date
>     gen dateA = date(date, "YMD")
>     drop date
>     format dateA %dD/M/Y
>     tab dateA 
>     * Collapse at 3 monthly intervals
>     gen quarter = qofd(dateA)
>     collapse (sum) value rate population dm_keto_admission_`v' (min) dateA,  
> by(quarter ethnicity)
>     drop quarter
>     * Outputing file 
>     export delimited using ./output/collapsed/collapse_measure_dm_keto_`v'_et
> hnicity_rate.csv
>     * reshape dataset so columns with rates for each ethnicity 
>     reshape wide value rate population dm_keto_admission_`v', i(dateA) j(ethn
> icity)
>     describe
>     * Labelling ethnicity variables
>     label var rate1 "White"
>     label var rate2 "Mixed"
>     label var rate3 "Asian"
>     label var rate4 "Black"
>     label var rate5 "Other"
> 
>     * Generate line graph
>     graph twoway line rate1 rate2 rate3 rate4 rate5 date, tlabel(01Jan2018(18
> 0)01Jan2022, angle(45) ///
>     format(%dM-CY) labsize(small)) ytitle("Rate per 100,000") xtitle("Date") 
> ylabel(, labsize(small) ///
>     angle(0)) yscale(titlegap(*10)) xmtick(##6) legend(row(1) size(vsmall) ti
> tle("Ethnic categories", size(small)))
>  
> 
>     graph export ./output/graphs/line_dm_ethnic_keto_`v'.svg, as(svg) replace
>     */
.     * IMD - type 1 DM
.     clear 
 75.     import delimited using ./output/measures/dm/measure_dm_keto_`v'_imd_ra
> te.csv
 76.     * Generate rate per 100,000
.     gen rate = value*100000 
 77.     * Format date
.     gen dateA = date(date, "YMD")
 78.     drop date
 79.     format dateA %dD/M/Y
 80.     tab dateA 
 81.     * reshape dataset so columns with rates for each ethnicity 
.     reshape wide value rate population dm_keto_admission_`v', i(dateA) j(imd)
 82.     describe
 83.     * Labelling ethnicity variables
.     label var rate1 "IMD - 1"
 84.     label var rate2 "IMD - 2"
 85.     label var rate3 "IMD - 3"
 86.     label var rate4 "IMD - 4"
 87.     label var rate5 "IMD - 5"
 88. 
.     * Generate line graph
.     graph twoway line rate1 rate2 rate3 rate4 rate5 date, tlabel(01Jan2018(18
> 0)01Jan2022, angle(45) ///
>     format(%dM-CY) labsize(small)) ytitle("Rate per 100,000") xtitle("Date") 
> ylabel(, labsize(small) ///
>     angle(0)) yscale(titlegap(*10)) xmtick(##6) legend(row(1) size(small) tit
> le("IMD categories", size(small)))
 89. 
. 
.     graph export ./output/graphs/line_dm_imd_keto_`v'.svg, as(svg) replace
 90. 
. }
(5 vars, 20 obs)

      dateA |      Freq.     Percent        Cum.
------------+-----------------------------------
  01oct2021 |          5       25.00       25.00
  01nov2021 |          5       25.00       50.00
  01dec2021 |          5       25.00       75.00
  01jan2022 |          5       25.00      100.00
------------+-----------------------------------
      Total |         20      100.00
file ./output/collapsed/collapse_measure_dm_t1_primary_ethnicity_rate.csv saved
(note: j = 1 2 3 4 5)

Data                               long   ->   wide
-----------------------------------------------------------------------------
Number of obs.                       10   ->       2
Number of variables                   6   ->      21
j variable (5 values)         ethnicity   ->   (dropped)
xij variables:
                                  value   ->   value1 value2 ... value5
                                   rate   ->   rate1 rate2 ... rate5
                        has_t1_diabetes   ->   has_t1_diabetes1 has_t1_diabetes
> 2 ... has_t1_diabetes5
                 t1dm_admission_primary   ->   t1dm_admission_primary1 t1dm_adm
> ission_primary2 ... t1dm_admission_primary5
-----------------------------------------------------------------------------

Contains data
  obs:             2                          
 vars:            21                          
-------------------------------------------------------------------------------
              storage   display    value
variable name   type    format     label      variable label
-------------------------------------------------------------------------------
dateA           float   %dD/M/Y               (min) dateA
value1          double  %9.0g                 1 value
rate1           double  %9.0g                 1 rate
has_t1_diabet~1 double  %8.0g                 1 has_t1_diabetes
t1dm_admissio~1 double  %8.0g                 1 t1dm_admission_primary
value2          double  %9.0g                 2 value
rate2           double  %9.0g                 2 rate
has_t1_diabet~2 double  %8.0g                 2 has_t1_diabetes
t1dm_admissio~2 double  %8.0g                 2 t1dm_admission_primary
value3          double  %9.0g                 3 value
rate3           double  %9.0g                 3 rate
has_t1_diabet~3 double  %8.0g                 3 has_t1_diabetes
t1dm_admissio~3 double  %8.0g                 3 t1dm_admission_primary
value4          double  %9.0g                 4 value
rate4           double  %9.0g                 4 rate
has_t1_diabet~4 double  %8.0g                 4 has_t1_diabetes
t1dm_admissio~4 double  %8.0g                 4 t1dm_admission_primary
value5          double  %9.0g                 5 value
rate5           double  %9.0g                 5 rate
has_t1_diabet~5 double  %8.0g                 5 has_t1_diabetes
t1dm_admissio~5 double  %8.0g                 5 t1dm_admission_primary
-------------------------------------------------------------------------------
Sorted by: dateA
(note: file ./output/graphs/line_dm_ethnic_t1_primary.svg not found)
(file ./output/graphs/line_dm_ethnic_t1_primary.svg written in SVG format)
(5 vars, 24 obs)

      dateA |      Freq.     Percent        Cum.
------------+-----------------------------------
  01oct2021 |          6       25.00       25.00
  01nov2021 |          6       25.00       50.00
  01dec2021 |          6       25.00       75.00
  01jan2022 |          6       25.00      100.00
------------+-----------------------------------
      Total |         24      100.00
(note: j = 0 1 2 3 4 5)

Data                               long   ->   wide
-----------------------------------------------------------------------------
Number of obs.                       24   ->       4
Number of variables                   6   ->      25
j variable (6 values)               imd   ->   (dropped)
xij variables:
                                  value   ->   value0 value1 ... value5
                                   rate   ->   rate0 rate1 ... rate5
                        has_t1_diabetes   ->   has_t1_diabetes0 has_t1_diabetes
> 1 ... has_t1_diabetes5
                 t1dm_admission_primary   ->   t1dm_admission_primary0 t1dm_adm
> ission_primary1 ... t1dm_admission_primary5
-----------------------------------------------------------------------------

Contains data
  obs:             4                          
 vars:            25                          
-------------------------------------------------------------------------------
              storage   display    value
variable name   type    format     label      variable label
-------------------------------------------------------------------------------
dateA           float   %dD/M/Y               
t1dm_admissio~0 byte    %8.0g                 0 t1dm_admission_primary
has_t1_diabet~0 byte    %8.0g                 0 has_t1_diabetes
value0          float   %9.0g                 0 value
rate0           float   %9.0g                 0 rate
t1dm_admissio~1 byte    %8.0g                 1 t1dm_admission_primary
has_t1_diabet~1 byte    %8.0g                 1 has_t1_diabetes
value1          float   %9.0g                 1 value
rate1           float   %9.0g                 1 rate
t1dm_admissio~2 byte    %8.0g                 2 t1dm_admission_primary
has_t1_diabet~2 byte    %8.0g                 2 has_t1_diabetes
value2          float   %9.0g                 2 value
rate2           float   %9.0g                 2 rate
t1dm_admissio~3 byte    %8.0g                 3 t1dm_admission_primary
has_t1_diabet~3 byte    %8.0g                 3 has_t1_diabetes
value3          float   %9.0g                 3 value
rate3           float   %9.0g                 3 rate
t1dm_admissio~4 byte    %8.0g                 4 t1dm_admission_primary
has_t1_diabet~4 byte    %8.0g                 4 has_t1_diabetes
value4          float   %9.0g                 4 value
rate4           float   %9.0g                 4 rate
t1dm_admissio~5 byte    %8.0g                 5 t1dm_admission_primary
has_t1_diabet~5 byte    %8.0g                 5 has_t1_diabetes
value5          float   %9.0g                 5 value
rate5           float   %9.0g                 5 rate
-------------------------------------------------------------------------------
Sorted by: dateA
(note: file ./output/graphs/line_dm_imd_t1_primary.svg not found)
(file ./output/graphs/line_dm_imd_t1_primary.svg written in SVG format)
(5 vars, 20 obs)

      dateA |      Freq.     Percent        Cum.
------------+-----------------------------------
  01oct2021 |          5       25.00       25.00
  01nov2021 |          5       25.00       50.00
  01dec2021 |          5       25.00       75.00
  01jan2022 |          5       25.00      100.00
------------+-----------------------------------
      Total |         20      100.00
file ./output/collapsed/collapse_measure_dm_t2_primary_ethnicity_rate.csv saved
(note: j = 1 2 3 4 5)

Data                               long   ->   wide
-----------------------------------------------------------------------------
Number of obs.                       10   ->       2
Number of variables                   6   ->      21
j variable (5 values)         ethnicity   ->   (dropped)
xij variables:
                                  value   ->   value1 value2 ... value5
                                   rate   ->   rate1 rate2 ... rate5
                        has_t2_diabetes   ->   has_t2_diabetes1 has_t2_diabetes
> 2 ... has_t2_diabetes5
                 t2dm_admission_primary   ->   t2dm_admission_primary1 t2dm_adm
> ission_primary2 ... t2dm_admission_primary5
-----------------------------------------------------------------------------

Contains data
  obs:             2                          
 vars:            21                          
-------------------------------------------------------------------------------
              storage   display    value
variable name   type    format     label      variable label
-------------------------------------------------------------------------------
dateA           float   %dD/M/Y               (min) dateA
value1          double  %9.0g                 1 value
rate1           double  %9.0g                 1 rate
has_t2_diabet~1 double  %8.0g                 1 has_t2_diabetes
t2dm_admissio~1 double  %8.0g                 1 t2dm_admission_primary
value2          double  %9.0g                 2 value
rate2           double  %9.0g                 2 rate
has_t2_diabet~2 double  %8.0g                 2 has_t2_diabetes
t2dm_admissio~2 double  %8.0g                 2 t2dm_admission_primary
value3          double  %9.0g                 3 value
rate3           double  %9.0g                 3 rate
has_t2_diabet~3 double  %8.0g                 3 has_t2_diabetes
t2dm_admissio~3 double  %8.0g                 3 t2dm_admission_primary
value4          double  %9.0g                 4 value
rate4           double  %9.0g                 4 rate
has_t2_diabet~4 double  %8.0g                 4 has_t2_diabetes
t2dm_admissio~4 double  %8.0g                 4 t2dm_admission_primary
value5          double  %9.0g                 5 value
rate5           double  %9.0g                 5 rate
has_t2_diabet~5 double  %8.0g                 5 has_t2_diabetes
t2dm_admissio~5 double  %8.0g                 5 t2dm_admission_primary
-------------------------------------------------------------------------------
Sorted by: dateA
(note: file ./output/graphs/line_dm_ethnic_t2_primary.svg not found)
(file ./output/graphs/line_dm_ethnic_t2_primary.svg written in SVG format)
(5 vars, 24 obs)

      dateA |      Freq.     Percent        Cum.
------------+-----------------------------------
  01oct2021 |          6       25.00       25.00
  01nov2021 |          6       25.00       50.00
  01dec2021 |          6       25.00       75.00
  01jan2022 |          6       25.00      100.00
------------+-----------------------------------
      Total |         24      100.00
(note: j = 0 1 2 3 4 5)

Data                               long   ->   wide
-----------------------------------------------------------------------------
Number of obs.                       24   ->       4
Number of variables                   6   ->      25
j variable (6 values)               imd   ->   (dropped)
xij variables:
                                  value   ->   value0 value1 ... value5
                                   rate   ->   rate0 rate1 ... rate5
                        has_t2_diabetes   ->   has_t2_diabetes0 has_t2_diabetes
> 1 ... has_t2_diabetes5
                 t2dm_admission_primary   ->   t2dm_admission_primary0 t2dm_adm
> ission_primary1 ... t2dm_admission_primary5
-----------------------------------------------------------------------------

Contains data
  obs:             4                          
 vars:            25                          
-------------------------------------------------------------------------------
              storage   display    value
variable name   type    format     label      variable label
-------------------------------------------------------------------------------
dateA           float   %dD/M/Y               
t2dm_admissio~0 byte    %8.0g                 0 t2dm_admission_primary
has_t2_diabet~0 int     %8.0g                 0 has_t2_diabetes
value0          float   %9.0g                 0 value
rate0           float   %9.0g                 0 rate
t2dm_admissio~1 byte    %8.0g                 1 t2dm_admission_primary
has_t2_diabet~1 int     %8.0g                 1 has_t2_diabetes
value1          float   %9.0g                 1 value
rate1           float   %9.0g                 1 rate
t2dm_admissio~2 byte    %8.0g                 2 t2dm_admission_primary
has_t2_diabet~2 int     %8.0g                 2 has_t2_diabetes
value2          float   %9.0g                 2 value
rate2           float   %9.0g                 2 rate
t2dm_admissio~3 byte    %8.0g                 3 t2dm_admission_primary
has_t2_diabet~3 int     %8.0g                 3 has_t2_diabetes
value3          float   %9.0g                 3 value
rate3           float   %9.0g                 3 rate
t2dm_admissio~4 byte    %8.0g                 4 t2dm_admission_primary
has_t2_diabet~4 int     %8.0g                 4 has_t2_diabetes
value4          float   %9.0g                 4 value
rate4           float   %9.0g                 4 rate
t2dm_admissio~5 byte    %8.0g                 5 t2dm_admission_primary
has_t2_diabet~5 int     %8.0g                 5 has_t2_diabetes
value5          float   %9.0g                 5 value
rate5           float   %9.0g                 5 rate
-------------------------------------------------------------------------------
Sorted by: dateA
(note: file ./output/graphs/line_dm_imd_t2_primary.svg not found)
(file ./output/graphs/line_dm_imd_t2_primary.svg written in SVG format)
(5 vars, 24 obs)

      dateA |      Freq.     Percent        Cum.
------------+-----------------------------------
  01oct2021 |          6       25.00       25.00
  01nov2021 |          6       25.00       50.00
  01dec2021 |          6       25.00       75.00
  01jan2022 |          6       25.00      100.00
------------+-----------------------------------
      Total |         24      100.00
(note: j = 0 1 2 3 4 5)

Data                               long   ->   wide
-----------------------------------------------------------------------------
Number of obs.                       24   ->       4
Number of variables                   6   ->      25
j variable (6 values)               imd   ->   (dropped)
xij variables:
                                  value   ->   value0 value1 ... value5
                                   rate   ->   rate0 rate1 ... rate5
                             population   ->   population0 population1 ... popu
> lation5
              dm_keto_admission_primary   ->   dm_keto_admission_primary0 dm_ke
> to_admission_primary1 ... dm_keto_admission_primary5
-----------------------------------------------------------------------------

Contains data
  obs:             4                          
 vars:            25                          
-------------------------------------------------------------------------------
              storage   display    value
variable name   type    format     label      variable label
-------------------------------------------------------------------------------
dateA           float   %dD/M/Y               
dm_keto_admis~0 byte    %8.0g                 0 dm_keto_admission_primary
population0     int     %8.0g                 0 population
value0          float   %9.0g                 0 value
rate0           float   %9.0g                 0 rate
dm_keto_admis~1 byte    %8.0g                 1 dm_keto_admission_primary
population1     int     %8.0g                 1 population
value1          float   %9.0g                 1 value
rate1           float   %9.0g                 1 rate
dm_keto_admis~2 byte    %8.0g                 2 dm_keto_admission_primary
population2     int     %8.0g                 2 population
value2          float   %9.0g                 2 value
rate2           float   %9.0g                 2 rate
dm_keto_admis~3 byte    %8.0g                 3 dm_keto_admission_primary
population3     int     %8.0g                 3 population
value3          float   %9.0g                 3 value
rate3           float   %9.0g                 3 rate
dm_keto_admis~4 byte    %8.0g                 4 dm_keto_admission_primary
population4     int     %8.0g                 4 population
value4          float   %9.0g                 4 value
rate4           float   %9.0g                 4 rate
dm_keto_admis~5 byte    %8.0g                 5 dm_keto_admission_primary
population5     int     %8.0g                 5 population
value5          float   %9.0g                 5 value
rate5           float   %9.0g                 5 rate
-------------------------------------------------------------------------------
Sorted by: dateA
(note: file ./output/graphs/line_dm_imd_keto_primary.svg not found)
(file ./output/graphs/line_dm_imd_keto_primary.svg written in SVG format)
(5 vars, 20 obs)

      dateA |      Freq.     Percent        Cum.
------------+-----------------------------------
  01oct2021 |          5       25.00       25.00
  01nov2021 |          5       25.00       50.00
  01dec2021 |          5       25.00       75.00
  01jan2022 |          5       25.00      100.00
------------+-----------------------------------
      Total |         20      100.00
file ./output/collapsed/collapse_measure_dm_t1_any_ethnicity_rate.csv saved
(note: j = 1 2 3 4 5)

Data                               long   ->   wide
-----------------------------------------------------------------------------
Number of obs.                       10   ->       2
Number of variables                   6   ->      21
j variable (5 values)         ethnicity   ->   (dropped)
xij variables:
                                  value   ->   value1 value2 ... value5
                                   rate   ->   rate1 rate2 ... rate5
                        has_t1_diabetes   ->   has_t1_diabetes1 has_t1_diabetes
> 2 ... has_t1_diabetes5
                     t1dm_admission_any   ->   t1dm_admission_any1 t1dm_admissi
> on_any2 ... t1dm_admission_any5
-----------------------------------------------------------------------------

Contains data
  obs:             2                          
 vars:            21                          
-------------------------------------------------------------------------------
              storage   display    value
variable name   type    format     label      variable label
-------------------------------------------------------------------------------
dateA           float   %dD/M/Y               (min) dateA
value1          double  %9.0g                 1 value
rate1           double  %9.0g                 1 rate
has_t1_diabet~1 double  %8.0g                 1 has_t1_diabetes
t1dm_admissio~1 double  %8.0g                 1 t1dm_admission_any
value2          double  %9.0g                 2 value
rate2           double  %9.0g                 2 rate
has_t1_diabet~2 double  %8.0g                 2 has_t1_diabetes
t1dm_admissio~2 double  %8.0g                 2 t1dm_admission_any
value3          double  %9.0g                 3 value
rate3           double  %9.0g                 3 rate
has_t1_diabet~3 double  %8.0g                 3 has_t1_diabetes
t1dm_admissio~3 double  %8.0g                 3 t1dm_admission_any
value4          double  %9.0g                 4 value
rate4           double  %9.0g                 4 rate
has_t1_diabet~4 double  %8.0g                 4 has_t1_diabetes
t1dm_admissio~4 double  %8.0g                 4 t1dm_admission_any
value5          double  %9.0g                 5 value
rate5           double  %9.0g                 5 rate
has_t1_diabet~5 double  %8.0g                 5 has_t1_diabetes
t1dm_admissio~5 double  %8.0g                 5 t1dm_admission_any
-------------------------------------------------------------------------------
Sorted by: dateA
(note: file ./output/graphs/line_dm_ethnic_t1_any.svg not found)
(file ./output/graphs/line_dm_ethnic_t1_any.svg written in SVG format)
(5 vars, 24 obs)

      dateA |      Freq.     Percent        Cum.
------------+-----------------------------------
  01oct2021 |          6       25.00       25.00
  01nov2021 |          6       25.00       50.00
  01dec2021 |          6       25.00       75.00
  01jan2022 |          6       25.00      100.00
------------+-----------------------------------
      Total |         24      100.00
(note: j = 0 1 2 3 4 5)

Data                               long   ->   wide
-----------------------------------------------------------------------------
Number of obs.                       24   ->       4
Number of variables                   6   ->      25
j variable (6 values)               imd   ->   (dropped)
xij variables:
                                  value   ->   value0 value1 ... value5
                                   rate   ->   rate0 rate1 ... rate5
                        has_t1_diabetes   ->   has_t1_diabetes0 has_t1_diabetes
> 1 ... has_t1_diabetes5
                     t1dm_admission_any   ->   t1dm_admission_any0 t1dm_admissi
> on_any1 ... t1dm_admission_any5
-----------------------------------------------------------------------------

Contains data
  obs:             4                          
 vars:            25                          
-------------------------------------------------------------------------------
              storage   display    value
variable name   type    format     label      variable label
-------------------------------------------------------------------------------
dateA           float   %dD/M/Y               
t1dm_admissio~0 byte    %8.0g                 0 t1dm_admission_any
has_t1_diabet~0 byte    %8.0g                 0 has_t1_diabetes
value0          float   %9.0g                 0 value
rate0           float   %9.0g                 0 rate
t1dm_admissio~1 byte    %8.0g                 1 t1dm_admission_any
has_t1_diabet~1 byte    %8.0g                 1 has_t1_diabetes
value1          float   %9.0g                 1 value
rate1           float   %9.0g                 1 rate
t1dm_admissio~2 byte    %8.0g                 2 t1dm_admission_any
has_t1_diabet~2 byte    %8.0g                 2 has_t1_diabetes
value2          float   %9.0g                 2 value
rate2           float   %9.0g                 2 rate
t1dm_admissio~3 byte    %8.0g                 3 t1dm_admission_any
has_t1_diabet~3 byte    %8.0g                 3 has_t1_diabetes
value3          float   %9.0g                 3 value
rate3           float   %9.0g                 3 rate
t1dm_admissio~4 byte    %8.0g                 4 t1dm_admission_any
has_t1_diabet~4 byte    %8.0g                 4 has_t1_diabetes
value4          float   %9.0g                 4 value
rate4           float   %9.0g                 4 rate
t1dm_admissio~5 byte    %8.0g                 5 t1dm_admission_any
has_t1_diabet~5 byte    %8.0g                 5 has_t1_diabetes
value5          float   %9.0g                 5 value
rate5           float   %9.0g                 5 rate
-------------------------------------------------------------------------------
Sorted by: dateA
(note: file ./output/graphs/line_dm_imd_t1_any.svg not found)
(file ./output/graphs/line_dm_imd_t1_any.svg written in SVG format)
(5 vars, 20 obs)

      dateA |      Freq.     Percent        Cum.
------------+-----------------------------------
  01oct2021 |          5       25.00       25.00
  01nov2021 |          5       25.00       50.00
  01dec2021 |          5       25.00       75.00
  01jan2022 |          5       25.00      100.00
------------+-----------------------------------
      Total |         20      100.00
file ./output/collapsed/collapse_measure_dm_t2_any_ethnicity_rate.csv saved
(note: j = 1 2 3 4 5)

Data                               long   ->   wide
-----------------------------------------------------------------------------
Number of obs.                       10   ->       2
Number of variables                   6   ->      21
j variable (5 values)         ethnicity   ->   (dropped)
xij variables:
                                  value   ->   value1 value2 ... value5
                                   rate   ->   rate1 rate2 ... rate5
                        has_t2_diabetes   ->   has_t2_diabetes1 has_t2_diabetes
> 2 ... has_t2_diabetes5
                     t2dm_admission_any   ->   t2dm_admission_any1 t2dm_admissi
> on_any2 ... t2dm_admission_any5
-----------------------------------------------------------------------------

Contains data
  obs:             2                          
 vars:            21                          
-------------------------------------------------------------------------------
              storage   display    value
variable name   type    format     label      variable label
-------------------------------------------------------------------------------
dateA           float   %dD/M/Y               (min) dateA
value1          double  %9.0g                 1 value
rate1           double  %9.0g                 1 rate
has_t2_diabet~1 double  %8.0g                 1 has_t2_diabetes
t2dm_admissio~1 double  %8.0g                 1 t2dm_admission_any
value2          double  %9.0g                 2 value
rate2           double  %9.0g                 2 rate
has_t2_diabet~2 double  %8.0g                 2 has_t2_diabetes
t2dm_admissio~2 double  %8.0g                 2 t2dm_admission_any
value3          double  %9.0g                 3 value
rate3           double  %9.0g                 3 rate
has_t2_diabet~3 double  %8.0g                 3 has_t2_diabetes
t2dm_admissio~3 double  %8.0g                 3 t2dm_admission_any
value4          double  %9.0g                 4 value
rate4           double  %9.0g                 4 rate
has_t2_diabet~4 double  %8.0g                 4 has_t2_diabetes
t2dm_admissio~4 double  %8.0g                 4 t2dm_admission_any
value5          double  %9.0g                 5 value
rate5           double  %9.0g                 5 rate
has_t2_diabet~5 double  %8.0g                 5 has_t2_diabetes
t2dm_admissio~5 double  %8.0g                 5 t2dm_admission_any
-------------------------------------------------------------------------------
Sorted by: dateA
(note: file ./output/graphs/line_dm_ethnic_t2_any.svg not found)
(file ./output/graphs/line_dm_ethnic_t2_any.svg written in SVG format)
(5 vars, 24 obs)

      dateA |      Freq.     Percent        Cum.
------------+-----------------------------------
  01oct2021 |          6       25.00       25.00
  01nov2021 |          6       25.00       50.00
  01dec2021 |          6       25.00       75.00
  01jan2022 |          6       25.00      100.00
------------+-----------------------------------
      Total |         24      100.00
(note: j = 0 1 2 3 4 5)

Data                               long   ->   wide
-----------------------------------------------------------------------------
Number of obs.                       24   ->       4
Number of variables                   6   ->      25
j variable (6 values)               imd   ->   (dropped)
xij variables:
                                  value   ->   value0 value1 ... value5
                                   rate   ->   rate0 rate1 ... rate5
                        has_t2_diabetes   ->   has_t2_diabetes0 has_t2_diabetes
> 1 ... has_t2_diabetes5
                     t2dm_admission_any   ->   t2dm_admission_any0 t2dm_admissi
> on_any1 ... t2dm_admission_any5
-----------------------------------------------------------------------------

Contains data
  obs:             4                          
 vars:            25                          
-------------------------------------------------------------------------------
              storage   display    value
variable name   type    format     label      variable label
-------------------------------------------------------------------------------
dateA           float   %dD/M/Y               
t2dm_admissio~0 byte    %8.0g                 0 t2dm_admission_any
has_t2_diabet~0 int     %8.0g                 0 has_t2_diabetes
value0          float   %9.0g                 0 value
rate0           float   %9.0g                 0 rate
t2dm_admissio~1 byte    %8.0g                 1 t2dm_admission_any
has_t2_diabet~1 int     %8.0g                 1 has_t2_diabetes
value1          float   %9.0g                 1 value
rate1           float   %9.0g                 1 rate
t2dm_admissio~2 byte    %8.0g                 2 t2dm_admission_any
has_t2_diabet~2 int     %8.0g                 2 has_t2_diabetes
value2          float   %9.0g                 2 value
rate2           float   %9.0g                 2 rate
t2dm_admissio~3 byte    %8.0g                 3 t2dm_admission_any
has_t2_diabet~3 int     %8.0g                 3 has_t2_diabetes
value3          float   %9.0g                 3 value
rate3           float   %9.0g                 3 rate
t2dm_admissio~4 byte    %8.0g                 4 t2dm_admission_any
has_t2_diabet~4 int     %8.0g                 4 has_t2_diabetes
value4          float   %9.0g                 4 value
rate4           float   %9.0g                 4 rate
t2dm_admissio~5 byte    %8.0g                 5 t2dm_admission_any
has_t2_diabet~5 int     %8.0g                 5 has_t2_diabetes
value5          float   %9.0g                 5 value
rate5           float   %9.0g                 5 rate
-------------------------------------------------------------------------------
Sorted by: dateA
(note: file ./output/graphs/line_dm_imd_t2_any.svg not found)
(file ./output/graphs/line_dm_imd_t2_any.svg written in SVG format)
(5 vars, 24 obs)

      dateA |      Freq.     Percent        Cum.
------------+-----------------------------------
  01oct2021 |          6       25.00       25.00
  01nov2021 |          6       25.00       50.00
  01dec2021 |          6       25.00       75.00
  01jan2022 |          6       25.00      100.00
------------+-----------------------------------
      Total |         24      100.00
(note: j = 0 1 2 3 4 5)

Data                               long   ->   wide
-----------------------------------------------------------------------------
Number of obs.                       24   ->       4
Number of variables                   6   ->      25
j variable (6 values)               imd   ->   (dropped)
xij variables:
                                  value   ->   value0 value1 ... value5
                                   rate   ->   rate0 rate1 ... rate5
                             population   ->   population0 population1 ... popu
> lation5
                  dm_keto_admission_any   ->   dm_keto_admission_any0 dm_keto_a
> dmission_any1 ... dm_keto_admission_any5
-----------------------------------------------------------------------------

Contains data
  obs:             4                          
 vars:            25                          
-------------------------------------------------------------------------------
              storage   display    value
variable name   type    format     label      variable label
-------------------------------------------------------------------------------
dateA           float   %dD/M/Y               
dm_keto_admis~0 byte    %8.0g                 0 dm_keto_admission_any
population0     int     %8.0g                 0 population
value0          float   %9.0g                 0 value
rate0           float   %9.0g                 0 rate
dm_keto_admis~1 byte    %8.0g                 1 dm_keto_admission_any
population1     int     %8.0g                 1 population
value1          float   %9.0g                 1 value
rate1           float   %9.0g                 1 rate
dm_keto_admis~2 byte    %8.0g                 2 dm_keto_admission_any
population2     int     %8.0g                 2 population
value2          float   %9.0g                 2 value
rate2           float   %9.0g                 2 rate
dm_keto_admis~3 byte    %8.0g                 3 dm_keto_admission_any
population3     int     %8.0g                 3 population
value3          float   %9.0g                 3 value
rate3           float   %9.0g                 3 rate
dm_keto_admis~4 byte    %8.0g                 4 dm_keto_admission_any
population4     int     %8.0g                 4 population
value4          float   %9.0g                 4 value
rate4           float   %9.0g                 4 rate
dm_keto_admis~5 byte    %8.0g                 5 dm_keto_admission_any
population5     int     %8.0g                 5 population
value5          float   %9.0g                 5 value
rate5           float   %9.0g                 5 rate
-------------------------------------------------------------------------------
Sorted by: dateA
(note: file ./output/graphs/line_dm_imd_keto_any.svg not found)
(file ./output/graphs/line_dm_imd_keto_any.svg written in SVG format)

. 
. log close
      name:  <unnamed>
       log:  /workspace/logs/graphs_dm.log
  log type:  text
 closed on:   9 May 2022, 14:41:20
-------------------------------------------------------------------------------
